Microchip MPLAB XC8 Compiler V2.50

Linker command line:

-W-3 \
  --edf=C:\Program Files\Microchip\xc8\v2.50\pic\dat\20240725155939_en.msgs \
  -cn -h+dist/default/production\seguridad.X.production.sym \
  --cmf=dist/default/production\seguridad.X.production.cmf -z -Q16F887 \
  -oC:\Users\ASUS\AppData\Local\Temp\xcAs1qo.\driver_tmp_3.o \
  --defsym=__MPLAB_BUILD=1 --fixupoverflow=error \
  -Mdist/default/production/seguridad.X.production.map \
  --md=C:\Users\ASUS\AppData\Local\Temp\xcAs1qo.\driver_tmp_0.dat -E1 \
  -ver=XC8 Compiler --acfsm=1493 -ACODE=00h-07FFhx4 -ASTRCODE=00h-01FFFh \
  -ASTRING=00h-0FFhx32 -ACONST=00h-0FFhx32 -AENTRY=00h-0FFhx32 \
  -ACOMMON=070h-07Fh -ABANK0=020h-06Fh -ABANK1=0A0h-0EFh \
  -ABANK2=0110h-016Fh -ABANK3=0190h-01EFh \
  -ARAM=020h-06Fh,0A0h-0EFh,0110h-016Fh,0190h-01EFh \
  -AABS1=020h-07Fh,0A0h-0EFh,0110h-016Fh,0190h-01EFh -ASFR0=00h-01Fh \
  -ASFR1=080h-09Fh -ASFR2=0100h-010Fh -ASFR3=0180h-018Fh \
  -ACONFIG=02007h-02008h -DCONFIG=2 -AIDLOC=02000h-02003h -DIDLOC=2 \
  -AEEDATA=00h-0FFh/02100h -peeprom_data=EEDATA -DEEDATA=2 -DCODE=2 \
  -DSTRCODE=2 -DSTRING=2 -DCONST=2 -DENTRY=2 \
  -preset_vec=00h,intentry=04h,sivt,init,end_init -ppowerup=CODE \
  -pcinit=CODE -pfunctab=ENTRY -k \
  C:\Users\ASUS\AppData\Local\Temp\xcAs1qo.\driver_tmp_17.o \
  dist/default/production\seguridad.X.production.o 

Object code version is 3.11

Machine type is 16F887



                Name                               Link     Load   Length Selector   Space Scale
C:\Users\ASUS\AppData\Local\Temp\xcAs1qo.\driver_tmp_17.o
                end_init                              E        E        3        8       0
                reset_vec                             0        0        3        0       0
                config                             2007     2007        2        0       4
dist/default/production\seguridad.X.production.o
                cinit                                11       11       48        8       0
                intentry                              4        4        A        8       0
                config                             2007     2007        2        0       4
                text34                              D25      D25       A1     1A4A       0
                text33                              92F      92F       36     125E       0
                text32                              8D9      8D9       2A     11B2       0
                text31                              965      965       36     12CA       0
                text30                              9D4      9D4       3E     13A8       0
                text29                             1711     1711        F     2E22       0
                text28                             1720     1720       10     2E40       0
                text27                             16FA     16FA        A     2DF4       0
                text26                             1730     1730       10     2E60       0
                text25                             17DA     17DA       26     2FB4       0
                text24                              903      903       2C     1206       0
                text23                              8B0      8B0       29     1160       0
                text22                               59       59      342        8       0
                text21                              C0F      C0F       76     181E       0
                text20                              E69      E69       B6     1CD2       0
                text19                              99B      99B       39     1336       0
                text18                              794      794       65        8       0
                text17                              A12      A12       59     1424       0
                text16                             1740     1740       13     2E80       0
                text15                              7FB      7FB        1        8       0
                text14                              C85      C85       A0     190A       0
                text13                              5B5      5B5       F0        8       0
                text12                             17B5     17B5       25     2F6A       0
                text11                             1792     1792       23     2F24       0
                text10                              DC6      DC6       A3     1B8C       0
                text9                               B9C      B9C       73     1738       0
                text8                               897      897       19     112E       0
                text7                               AC7      AC7       63     158E       0
                text6                               F1F      F1F       E1     1E3E       0
                text5                               A6B      A6B       5C     14D6       0
                text4                               4B3      4B3      102        8       0
                text3                              1704     1704        D     2E08       0
                text2                               B2A      B2A       72     1654       0
                text1                               6A5      6A5       EF        8       0
                maintext                            39B      39B      118        8       0
                cstackBANK0                          20       20       38       20       1
                cstackCOMMON                         70       70        8       70       1
                clrtext                            16F2     16F2        8     2DE4       0
                inittext                           1753     1753       13     2EA6       0
                dataBANK3                           1B0      1B0       18      190       1
                bssBANK3                            190      190       20      190       1
                dataBANK1                            D5       D5       14       A0       1
                bssBANK1                             A0       A0       35       A0       1
                dataBANK0                            6F       6F        1       20       1
                bssBANK0                             58       58       17       20       1
                dataCOMMON                           7A       7A        1       70       1
                bssCOMMON                            78       78        2       70       1
                strings                             800      800       95     1000       0
                idataBANK3                         177A     177A       18     2EF4       0
                idataBANK1                         1766     1766       14     2ECC       0
                idataBANK0                          7FA      7FA        1        8       0
                idataCOMMON                         7F9      7F9        1        8       0

TOTAL           Name                               Link     Load   Length     Space
        CLASS   CODE           
                end_init                              E        E        3         0
                cinit                                11       11       48         0
                intentry                              4        4        A         0
                reset_vec                             0        0        3         0
                text34                              D25      D25       A1         0
                text33                              92F      92F       36         0
                text32                              8D9      8D9       2A         0
                text31                              965      965       36         0
                text30                              9D4      9D4       3E         0
                text29                             1711     1711        F         0
                text28                             1720     1720       10         0
                text27                             16FA     16FA        A         0
                text26                             1730     1730       10         0
                text25                             17DA     17DA       26         0
                text24                              903      903       2C         0
                text23                              8B0      8B0       29         0
                text22                               59       59      342         0
                text21                              C0F      C0F       76         0
                text20                              E69      E69       B6         0
                text19                              99B      99B       39         0
                text18                              794      794       65         0
                text17                              A12      A12       59         0
                text16                             1740     1740       13         0
                text15                              7FB      7FB        1         0
                text14                              C85      C85       A0         0
                text13                              5B5      5B5       F0         0
                text12                             17B5     17B5       25         0
                text11                             1792     1792       23         0
                text10                              DC6      DC6       A3         0
                text9                               B9C      B9C       73         0
                text8                               897      897       19         0
                text7                               AC7      AC7       63         0
                text6                               F1F      F1F       E1         0
                text5                               A6B      A6B       5C         0
                text4                               4B3      4B3      102         0
                text3                              1704     1704        D         0
                text2                               B2A      B2A       72         0
                text1                               6A5      6A5       EF         0
                maintext                            39B      39B      118         0
                clrtext                            16F2     16F2        8         0
                inittext                           1753     1753       13         0
                idataBANK3                         177A     177A       18         0
                idataBANK1                         1766     1766       14         0
                idataBANK0                          7FA      7FA        1         0
                idataCOMMON                         7F9      7F9        1         0

        CLASS   STRCODE        

        CLASS   STRING         
                strings                             800      800       95         0

        CLASS   CONST          

        CLASS   ENTRY          

        CLASS   COMMON         
                cstackCOMMON                         70       70        8         1
                dataCOMMON                           7A       7A        1         1
                bssCOMMON                            78       78        2         1

        CLASS   BANK0          
                cstackBANK0                          20       20       38         1
                dataBANK0                            6F       6F        1         1
                bssBANK0                             58       58       17         1

        CLASS   BANK1          
                dataBANK1                            D5       D5       14         1
                bssBANK1                             A0       A0       35         1

        CLASS   BANK2          

        CLASS   BANK3          
                dataBANK3                           1B0      1B0       18         1
                bssBANK3                            190      190       20         1

        CLASS   RAM            

        CLASS   ABS1           
                abs_s1                               7E       7E        2         1

        CLASS   SFR0           

        CLASS   SFR1           

        CLASS   SFR2           

        CLASS   SFR3           

        CLASS   CONFIG         
                config                             2007     2007        2         4

        CLASS   IDLOC          

        CLASS   EEDATA         

        CLASS   HEAP           

        CLASS   STACK          



SEGMENTS        Name                           Load    Length   Top    Selector   Space  Class     Delta

                reset_vec                      000000  000003  000003         0       0  CODE        2
                intentry                       000004  0007F8  0007FC         8       0  CODE        2
                cstackBANK0                    000020  000050  000070        20       1  BANK0       1
                cstackCOMMON                   000070  00000B  00007B        70       1  COMMON      1
                bssBANK1                       0000A0  000049  0000E9        A0       1  BANK1       1
                bssBANK3                       000190  000038  0001C8       190       1  BANK3       1
                strings                        000800  000095  000895      1000       0  STRING      2
                text8                          000897  000019  0008B0      112E       0  CODE        2
                text23                         0008B0  000029  0008D9      1160       0  CODE        2
                text32                         0008D9  00002A  000903      11B2       0  CODE        2
                text24                         000903  00002C  00092F      1206       0  CODE        2
                text33                         00092F  000036  000965      125E       0  CODE        2
                text31                         000965  000036  00099B      12CA       0  CODE        2
                text19                         00099B  000039  0009D4      1336       0  CODE        2
                text30                         0009D4  00003E  000A12      13A8       0  CODE        2
                text17                         000A12  000059  000A6B      1424       0  CODE        2
                text5                          000A6B  00005C  000AC7      14D6       0  CODE        2
                text7                          000AC7  000063  000B2A      158E       0  CODE        2
                text2                          000B2A  000072  000B9C      1654       0  CODE        2
                text9                          000B9C  000073  000C0F      1738       0  CODE        2
                text21                         000C0F  000076  000C85      181E       0  CODE        2
                text14                         000C85  0000A0  000D25      190A       0  CODE        2
                text34                         000D25  0000A1  000DC6      1A4A       0  CODE        2
                text10                         000DC6  0000A3  000E69      1B8C       0  CODE        2
                text20                         000E69  0000B6  000F1F      1CD2       0  CODE        2
                text6                          000F1F  0000E1  001000      1E3E       0  CODE        2
                clrtext                        0016F2  000008  0016FA      2DE4       0  CODE        2
                text27                         0016FA  00000A  001704      2DF4       0  CODE        2
                text3                          001704  00000D  001711      2E08       0  CODE        2
                text29                         001711  00000F  001720      2E22       0  CODE        2
                text28                         001720  000010  001730      2E40       0  CODE        2
                text26                         001730  000010  001740      2E60       0  CODE        2
                text16                         001740  000013  001753      2E80       0  CODE        2
                inittext                       001753  000013  001766      2EA6       0  CODE        2
                idataBANK1                     001766  000014  00177A      2ECC       0  CODE        2
                idataBANK3                     00177A  000018  001792      2EF4       0  CODE        2
                text11                         001792  000023  0017B5      2F24       0  CODE        2
                text12                         0017B5  000025  0017DA      2F6A       0  CODE        2
                text25                         0017DA  000026  001800      2FB4       0  CODE        2


UNUSED ADDRESS RANGES

        Name                Unused          Largest block    Delta
        BANK1            00E9-00EF              7           1
        BANK2            0110-016F             60           1
        BANK3            01C8-01EF             28           1
        CODE             0003-0003              1           2
                         07FC-07FF              4
                         0895-0896              2
                         1000-16F1            6F2
                         1800-1FFF            800
        COMMON           007B-007D              3           1
        CONST            0003-0003              1           2
                         07FC-07FF              4
                         0895-0896              2
                         1000-16F1            100
                         1800-1FFF            100
        EEDATA           2100-21FF            100           2
        ENTRY            0003-0003              1           2
                         07FC-07FF              4
                         0895-0896              2
                         1000-16F1            100
                         1800-1FFF            100
        IDLOC            2000-2003              4           2
        RAM              00E9-00EF              7           1
                         0110-016F             60
                         01C8-01EF             28
        SFR0             0000-001F             20           1
        SFR1             0080-009F             20           1
        SFR2             0100-010F             10           1
        SFR3             0180-018F             10           1
        STRCODE          0003-0003              1           2
                         07FC-07FF              4
                         0895-0896              2
                         1000-16F1            6F2
                         1800-1FFF            800
        STRING           0003-0003              1           2
                         07FC-07FF              4
                         0895-0896              2
                         1000-16F1            100
                         1800-1FFF            100

                                  Symbol Table

?__Umul8_16                             cstackCOMMON 0073
?___awdiv                               cstackCOMMON 0073
?___awmod                               cstackCOMMON 0073
?___flmul                               cstackBANK0  002A
?___fltol                               cstackBANK0  0044
?___xxtofl                              cstackCOMMON 0073
?_abs                                   cstackBANK0  0022
?_adc_read                              cstackCOMMON 0073
?_sprintf                               cstackBANK0  003A
?_strncmp                               cstackCOMMON 0073
?_vfprintf                              cstackBANK0  0036
LCD_Char@dat                            cstackCOMMON 0075
LCD_Command@cmd                         cstackCOMMON 0075
LCD_Load_Custom_Chars@i                 cstackCOMMON 0077
LCD_Load_Custom_Chars@j                 cstackCOMMON 0076
LCD_String@msg                          cstackCOMMON 0076
LCD_String_xy@location                  cstackBANK0  0023
LCD_String_xy@msg                       cstackBANK0  0021
LCD_String_xy@pos                       cstackBANK0  0020
LCD_String_xy@row                       cstackBANK0  0022
_ADCON0bits                             (abs)        001F
_ADCON1bits                             (abs)        009F
_ADRESH                                 (abs)        001E
_ADRESL                                 (abs)        009E
_ANSELH                                 (abs)        0189
_ANSELbits                              (abs)        0188
_GIE                                    (abs)        005F
_LCD_Char                               text31       0965
_LCD_Clear                              text26       1730
_LCD_Command                            text33       092F
_LCD_Init                               text32       08D9
_LCD_Load_Custom_Chars                  text30       09D4
_LCD_String                             text25       17DA
_LCD_String_xy                          text24       0903
_OPTION_REGbits                         (abs)        0081
_OSCCON                                 (abs)        008F
_PEIE                                   (abs)        005E
_PIR1bits                               (abs)        000C
_PORTAbits                              (abs)        0005
_PORTB                                  (abs)        0006
_PORTC                                  (abs)        0007
_PORTCbits                              (abs)        0007
_PORTD                                  (abs)        0008
_PORTEbits                              (abs)        0009
_StringTemperature                      bssBANK1     00B0
_T1CON                                  (abs)        0010
_TMR1                                   (abs)        000E
_TMR1IE                                 (abs)        0460
_TMR1IF                                 (abs)        0060
_TMR1ON                                 (abs)        0080
_TRISAbits                              (abs)        0085
_TRISB                                  (abs)        0086
_TRISC                                  (abs)        0087
_TRISC3                                 (abs)        043B
_TRISD                                  (abs)        0088
_TRISE                                  (abs)        0089
_Timer1_ISR                             text34       0D25
_Timer1_start                           text29       1711
_WPUB                                   (abs)        0095
__H__absolute__                         __absolute__ 0000
__Habs1                                 abs1         0000
__Hbank0                                bank0        0000
__Hbank1                                bank1        0000
__Hbank2                                bank2        0000
__Hbank3                                bank3        0000
__HbssBANK0                             bssBANK0     0000
__HbssBANK1                             bssBANK1     0000
__HbssBANK3                             bssBANK3     0000
__HbssCOMMON                            bssCOMMON    0000
__Hcinit                                cinit        0059
__Hclrtext                              clrtext      0000
__Hcode                                 code         0000
__Hcommon                               common       0000
__Hconfig                               config       2009
__HcstackBANK0                          cstackBANK0  0000
__HcstackCOMMON                         cstackCOMMON 0000
__HdataBANK0                            dataBANK0    0000
__HdataBANK1                            dataBANK1    0000
__HdataBANK3                            dataBANK3    0000
__HdataCOMMON                           dataCOMMON   0000
__Heeprom_data                          eeprom_data  0000
__Hend_init                             end_init     0011
__Hfunctab                              functab      0000
__Hheap                                 heap         0000
__HidataBANK0                           idataBANK0   0000
__HidataBANK1                           idataBANK1   0000
__HidataBANK3                           idataBANK3   0000
__HidataCOMMON                          idataCOMMON  0000
__Hinit                                 init         000E
__Hinittext                             inittext     0000
__Hintentry                             intentry     000E
__Hmaintext                             maintext     0000
__Hpowerup                              powerup      0000
__Hram                                  ram          0000
__Hreset_vec                            reset_vec    0003
__Hsfr0                                 sfr0         0000
__Hsfr1                                 sfr1         0000
__Hsfr2                                 sfr2         0000
__Hsfr3                                 sfr3         0000
__Hsivt                                 sivt         000E
__Hspace_0                              (abs)        1800
__Hspace_1                              (abs)        01C8
__Hspace_2                              (abs)        0000
__Hspace_3                              (abs)        0000
__Hspace_4                              (abs)        4010
__Hstack                                stack        0000
__Hstrings                              strings      0000
__Htext                                 text         0000
__L__absolute__                         __absolute__ 0000
__Labs1                                 abs1         0000
__Lbank0                                bank0        0000
__Lbank1                                bank1        0000
__Lbank2                                bank2        0000
__Lbank3                                bank3        0000
__LbssBANK0                             bssBANK0     0000
__LbssBANK1                             bssBANK1     0000
__LbssBANK3                             bssBANK3     0000
__LbssCOMMON                            bssCOMMON    0000
__Lcinit                                cinit        0011
__Lclrtext                              clrtext      0000
__Lcode                                 code         0000
__Lcommon                               common       0000
__Lconfig                               config       0000
__LcstackBANK0                          cstackBANK0  0000
__LcstackCOMMON                         cstackCOMMON 0000
__LdataBANK0                            dataBANK0    0000
__LdataBANK1                            dataBANK1    0000
__LdataBANK3                            dataBANK3    0000
__LdataCOMMON                           dataCOMMON   0000
__Leeprom_data                          eeprom_data  0000
__Lend_init                             end_init     000E
__Lfunctab                              functab      0000
__Lheap                                 heap         0000
__LidataBANK0                           idataBANK0   0000
__LidataBANK1                           idataBANK1   0000
__LidataBANK3                           idataBANK3   0000
__LidataCOMMON                          idataCOMMON  0000
__Linit                                 init         000E
__Linittext                             inittext     0000
__Lintentry                             intentry     0004
__Lmaintext                             maintext     0000
__Lpowerup                              powerup      0000
__Lram                                  ram          0000
__Lreset_vec                            reset_vec    0000
__Lsfr0                                 sfr0         0000
__Lsfr1                                 sfr1         0000
__Lsfr2                                 sfr2         0000
__Lsfr3                                 sfr3         0000
__Lsivt                                 sivt         000E
__Lspace_0                              (abs)        0000
__Lspace_1                              (abs)        0000
__Lspace_2                              (abs)        0000
__Lspace_3                              (abs)        0000
__Lspace_4                              (abs)        0000
__Lstack                                stack        0000
__Lstrings                              strings      0000
__Ltext                                 text         0000
__S0                                    (abs)        1800
__S1                                    (abs)        01C8
__S3                                    (abs)        0000
__Umul8_16                              text23       08B0
__Umul8_16@multiplicand                 cstackCOMMON 0073
__Umul8_16@multiplier                   cstackBANK0  0024
__Umul8_16@product                      cstackBANK0  0020
__Umul8_16@word_mpld                    cstackBANK0  0022
___awdiv                                text18       0794
___awdiv@counter                        cstackBANK0  0020
___awdiv@dividend                       cstackCOMMON 0075
___awdiv@divisor                        cstackCOMMON 0073
___awdiv@quotient                       cstackBANK0  0022
___awdiv@sign                           cstackBANK0  0021
___awmod                                text17       0A12
___awmod@counter                        cstackBANK0  0020
___awmod@dividend                       cstackCOMMON 0075
___awmod@divisor                        cstackCOMMON 0073
___awmod@sign                           cstackBANK0  0021
___flmul                                text22       0059
___flmul@a                              cstackBANK0  002E
___flmul@aexp                           cstackBANK0  003C
___flmul@b                              cstackBANK0  002A
___flmul@bexp                           cstackBANK0  003D
___flmul@grs                            cstackBANK0  0038
___flmul@prod                           cstackBANK0  003E
___flmul@sign                           cstackBANK0  0037
___flmul@temp                           cstackBANK0  0042
___fltol                                text21       0C0F
___fltol@exp1                           cstackBANK0  004D
___fltol@f1                             cstackBANK0  0044
___fltol@sign1                          cstackBANK0  004C
___heap_hi                              (abs)        0000
___heap_lo                              (abs)        0000
___int_sp                               stack        0000
___int_stack_hi                         stack        0000
___int_stack_lo                         stack        0000
___latbits                              (abs)        0002
___sp                                   stack        0000
___stack_hi                             stack        0000
___stack_lo                             stack        0000
___stackhi                              (abs)        0000
___stacklo                              (abs)        0000
___xxtofl                               text20       0E69
___xxtofl@arg                           cstackBANK0  0026
___xxtofl@exp                           cstackBANK0  0025
___xxtofl@sign                          cstackBANK0  0024
___xxtofl@val                           cstackCOMMON 0073
__end_of_LCD_Char                       text31       099B
__end_of_LCD_Clear                      text26       1740
__end_of_LCD_Command                    text33       0965
__end_of_LCD_Init                       text32       0903
__end_of_LCD_Load_Custom_Chars          text30       0A12
__end_of_LCD_String                     text25       1800
__end_of_LCD_String_xy                  text24       092F
__end_of_Timer1_ISR                     text34       0DC6
__end_of_Timer1_start                   text29       1720
__end_of__Umul8_16                      text23       08D9
__end_of___awdiv                        text18       07F9
__end_of___awmod                        text17       0A6B
__end_of___flmul                        text22       039B
__end_of___fltol                        text21       0C85
__end_of___xxtofl                       text20       0F1F
__end_of__initialization                cinit        0055
__end_of__stringtab                     strings      0810
__end_of_abs                            text16       1753
__end_of_adc_init                       text28       1730
__end_of_adc_read                       text19       09D4
__end_of_blink_led                      text7        0B2A
__end_of_delay_ms_variable              text8        08B0
__end_of_fputc                          text14       0D25
__end_of_funcion_buzzer                 text27       1704
__end_of_funcion_monitoreo_ambiental    text10       0E69
__end_of_funcion_monitoreo_eventos      text9        0C0F
__end_of_funcion_seguridad              text4        05B5
__end_of_keypad_getkey                  text6        1000
__end_of_keypad_init                    text3        1711
__end_of_main                           maintext     04B3
__end_of_password                       strings      0816
__end_of_putch                          text15       07FC
__end_of_secuencia1                     text2        0B9C
__end_of_secuencia5                     text1        0794
__end_of_sprintf                        text11       17B5
__end_of_strncmp                        text5        0AC7
__end_of_vfpfcnvrt                      text13       06A5
__end_of_vfprintf                       text12       17DA
__initialization                        cinit        0011
__pbssBANK0                             bssBANK0     0058
__pbssBANK1                             bssBANK1     00A0
__pbssBANK3                             bssBANK3     0190
__pbssCOMMON                            bssCOMMON    0078
__pcstackBANK0                          cstackBANK0  0020
__pcstackCOMMON                         cstackCOMMON 0070
__pdataBANK0                            dataBANK0    006F
__pdataBANK1                            dataBANK1    00D5
__pdataBANK3                            dataBANK3    01B0
__pdataCOMMON                           dataCOMMON   007A
__pidataBANK0                           idataBANK0   07FA
__pidataBANK1                           idataBANK1   1766
__pidataBANK3                           idataBANK3   177A
__pidataCOMMON                          idataCOMMON  07F9
__pintentry                             intentry     0004
__pmaintext                             maintext     039B
__pstrings                              strings      0800
__ptext1                                text1        06A5
__ptext10                               text10       0DC6
__ptext11                               text11       1792
__ptext12                               text12       17B5
__ptext13                               text13       05B5
__ptext14                               text14       0C85
__ptext15                               text15       07FB
__ptext16                               text16       1740
__ptext17                               text17       0A12
__ptext18                               text18       0794
__ptext19                               text19       099B
__ptext2                                text2        0B2A
__ptext20                               text20       0E69
__ptext21                               text21       0C0F
__ptext22                               text22       0059
__ptext23                               text23       08B0
__ptext24                               text24       0903
__ptext25                               text25       17DA
__ptext26                               text26       1730
__ptext27                               text27       16FA
__ptext28                               text28       1720
__ptext29                               text29       1711
__ptext3                                text3        1704
__ptext30                               text30       09D4
__ptext31                               text31       0965
__ptext32                               text32       08D9
__ptext33                               text33       092F
__ptext34                               text34       0D25
__ptext4                                text4        04B3
__ptext5                                text5        0A6B
__ptext6                                text6        0F1F
__ptext7                                text7        0AC7
__ptext8                                text8        0897
__ptext9                                text9        0B9C
__stringbase                            strings      080F
__stringtab                             strings      0800
_abs                                    text16       1740
_adc_init                               text28       1720
_adc_read                               text19       099B
_blink_led                              text7        0AC7
_boton_reset                            bssBANK0     0064
_clavecorrecta                          bssBANK0     0062
_count_10sec                            bssBANK1     00AE
_count_3sec                             bssBANK0     005E
_count_500ms                            bssBANK1     00A4
_count_5sec                             bssBANK0     005A
_count_800ms                            bssBANK1     00AA
_customChars                            dataBANK3    01B0
_dbuf                                   bssBANK3     0190
_delay_ms_variable                      text8        0897
_estadoactual                           bssCOMMON    0079
_flag_count_10sec                       bssBANK1     00AC
_flag_count_3sec                        bssBANK0     005C
_flag_count_500ms                       bssBANK1     00A6
_flag_count_5sec                        bssBANK0     0058
_flag_count_800ms                       bssBANK1     00A8
_flags                                  bssBANK0     006E
_fputc                                  text14       0C85
_funcion_buzzer                         text27       16FA
_funcion_monitoreo_ambiental            text10       0DC6
_funcion_monitoreo_eventos              text9        0B9C
_funcion_seguridad                      text4        04B3
_idx                                    bssCOMMON    0078
_intentos                               bssBANK0     006C
_key                                    dataCOMMON   007A
_keypad_getkey                          text6        0F1F
_keypad_init                            text3        1704
_luz                                    bssBANK0     0068
_main                                   maintext     039B
_pass_user                              bssBANK1     00D0
_password                               strings      0810
_prec                                   bssBANK1     00A2
_puerta_ventana                         bssBANK0     0066
_putch                                  text15       07FB
_secuencia1                             text2        0B2A
_secuencia5                             text1        06A5
_sis_bloqueado                          bssBANK0     0060
_sprintf                                text11       1792
_strncmp                                text5        0A6B
_temp                                   bssBANK0     006A
_vfpfcnvrt                              text13       05B5
_vfprintf                               text12       17B5
_width                                  bssBANK1     00A0
abs@a                                   cstackBANK0  0022
adc_read@channel                        cstackCOMMON 0073
adc_read@value_adc                      cstackCOMMON 0075
blink_led@duration                      cstackBANK0  0024
blink_led@elapsed_time                  cstackBANK0  0028
blink_led@led                           cstackBANK0  002A
blink_led@off_time                      cstackBANK0  0022
blink_led@on_time                       cstackBANK0  0020
btemp                                   (abs)        007E
clear_ram0                              clrtext      16F2
delay_ms_variable@ms                    cstackCOMMON 0073
end_of_initialization                   cinit        0055
fputc@c                                 cstackCOMMON 0073
fputc@fp                                cstackCOMMON 0075
funcion_monitoreo_ambiental@temperatura cstackBANK0  0051
funcion_monitoreo_ambiental@value_adc   cstackBANK0  0053
funcion_monitoreo_eventos@hall          cstackBANK0  0052
funcion_monitoreo_eventos@ir            cstackBANK0  0051
init_fetch0                             inittext     1753
init_ram0                               inittext     1757
interrupt_function                      intentry     0004
intlevel0                               functab      0000
intlevel1                               functab      0000
intlevel2                               functab      0000
intlevel3                               functab      0000
intlevel4                               functab      0000
intlevel5                               functab      0000
keypad_getkey@F1398                     dataBANK1    00D5
keypad_getkey@i                         cstackBANK0  0031
keypad_getkey@letras                    cstackBANK0  0020
keypad_getkey@valor                     cstackBANK0  0030
reset_vec                               reset_vec    0000
saved_w                                 (abs)        007E
secuencia1@i                            cstackBANK0  0020
secuencia1@var3                         cstackBANK0  0024
secuencia1@var4                         cstackBANK0  0026
secuencia1@var5                         cstackBANK0  0022
secuencia5@i                            cstackBANK0  0020
secuencia5@i_354                        cstackBANK0  0022
secuencia5@var1                         cstackBANK0  002A
secuencia5@var12                        cstackBANK0  0024
secuencia5@var2                         cstackBANK0  002C
secuencia5@var6                         cstackBANK0  002E
secuencia5@var7                         cstackBANK0  0028
secuencia5@var8                         cstackBANK0  0026
sprintf@ap                              cstackBANK0  0041
sprintf@f                               cstackBANK0  0042
sprintf@fmt                             cstackBANK0  003B
sprintf@s                               cstackBANK0  003A
start                                   init         000E
start_initialization                    cinit        0011
strncmp@l                               cstackCOMMON 0073
strncmp@n                               cstackCOMMON 0075
strncmp@r                               cstackCOMMON 0074
vfpfcnvrt@ap                            cstackBANK0  002C
vfpfcnvrt@c                             cstackBANK0  0035
vfpfcnvrt@convarg                       cstackBANK0  0031
vfpfcnvrt@cp                            cstackBANK0  0030
vfpfcnvrt@done                          cstackBANK0  002F
vfpfcnvrt@fmt                           cstackBANK0  002B
vfpfcnvrt@fp                            cstackBANK0  0029
vfprintf@ap                             cstackBANK0  0039
vfprintf@cfmt                           cstackCOMMON 0077
vfprintf@fmt                            cstackBANK0  0038
vfprintf@fp                             cstackBANK0  0036
wtemp0                                  (abs)        007E


MODULE INFORMATION

Module		Function		Class		Link	Load	Size
KEYPAD.c
		_keypad_init   		CODE           	1704	0000	13
		_keypad_getkey 		CODE           	0F1F	0000	225

KEYPAD.c estimated size: 238

C:\Program Files\Microchip\xc8\v2.50\pic\sources\c99\common\strncmp.c
		_strncmp       		CODE           	0A6B	0000	92

C:\Program Files\Microchip\xc8\v2.50\pic\sources\c99\common\strncmp.c estimated size: 92

C:\Program Files\Microchip\xc8\v2.50\pic\sources\c99\common\sprcmul.c
		___flmul       		CODE           	0059	0000	834

C:\Program Files\Microchip\xc8\v2.50\pic\sources\c99\common\sprcmul.c estimated size: 834

timer.c
		_Timer1_start  		CODE           	1711	0000	15

timer.c estimated size: 15

C:\Program Files\Microchip\xc8\v2.50\pic\sources\c99\common\awmod.c
		___awmod       		CODE           	0A12	0000	89

C:\Program Files\Microchip\xc8\v2.50\pic\sources\c99\common\awmod.c estimated size: 89

C:\Program Files\Microchip\xc8\v2.50\pic\sources\c99\common\putch.c
		_putch         		CODE           	07FB	0000	1

C:\Program Files\Microchip\xc8\v2.50\pic\sources\c99\common\putch.c estimated size: 1

C:\Program Files\Microchip\xc8\v2.50\pic\sources\c99\common\abs.c
		_abs           		CODE           	1740	0000	19

C:\Program Files\Microchip\xc8\v2.50\pic\sources\c99\common\abs.c estimated size: 19

adc.c
		_adc_read      		CODE           	099B	0000	57
		_adc_init      		CODE           	1720	0000	16

adc.c estimated size: 73

C:\Program Files\Microchip\xc8\v2.50\pic\sources\c99\common\xxtofl.c
		___xxtofl      		CODE           	0E69	0000	182

C:\Program Files\Microchip\xc8\v2.50\pic\sources\c99\common\xxtofl.c estimated size: 182

C:\Program Files\Microchip\xc8\v2.50\pic\sources\c99\common\Umul8_16.c
		__Umul8_16     		CODE           	08B0	0000	41

C:\Program Files\Microchip\xc8\v2.50\pic\sources\c99\common\Umul8_16.c estimated size: 41

C:\Program Files\Microchip\xc8\v2.50\pic\sources\c99\common\nf_sprintf.c
		_sprintf       		CODE           	1792	0000	35

C:\Program Files\Microchip\xc8\v2.50\pic\sources\c99\common\nf_sprintf.c estimated size: 35

C:\Program Files\Microchip\xc8\v2.50\pic\sources\c99\common\nf_fputc.c
		_fputc         		CODE           	0C85	0000	160

C:\Program Files\Microchip\xc8\v2.50\pic\sources\c99\common\nf_fputc.c estimated size: 160

shared
		__stringtab    		STRING         	0800	0000	16
		_password      		STRING         	0810	0000	6
		__initialization		CODE           	0011	0000	68

shared estimated size: 90

C:\Program Files\Microchip\xc8\v2.50\pic\sources\c99\common\awdiv.c
		___awdiv       		CODE           	0794	0000	101

C:\Program Files\Microchip\xc8\v2.50\pic\sources\c99\common\awdiv.c estimated size: 101

C:\Program Files\Microchip\xc8\v2.50\pic\sources\c99\common\fltol.c
		___fltol       		CODE           	0C0F	0000	118

C:\Program Files\Microchip\xc8\v2.50\pic\sources\c99\common\fltol.c estimated size: 118

C:\Program Files\Microchip\xc8\v2.50\pic\sources\c99\common\doprnt.c
		_vfpfcnvrt     		CODE           	05B5	0000	240
		_vfprintf      		CODE           	17B5	0000	37

C:\Program Files\Microchip\xc8\v2.50\pic\sources\c99\common\doprnt.c estimated size: 277

main.c
		_secuencia1    		CODE           	0B2A	0000	114
		_secuencia5    		CODE           	06A5	0000	239
		_funcion_buzzer		CODE           	16FA	0000	10
		_funcion_monitoreo_ambiental		CODE           	0DC6	0000	163
		_main          		CODE           	039B	0000	280
		_Timer1_ISR    		CODE           	0D25	0000	161
		_funcion_monitoreo_eventos		CODE           	0B9C	0000	115
		_blink_led     		CODE           	0AC7	0000	99
		_delay_ms_variable		CODE           	0897	0000	25
		_funcion_seguridad		CODE           	04B3	0000	258

main.c estimated size: 1464

LCD.c
		_LCD_String    		CODE           	17DA	0000	38
		_LCD_Init      		CODE           	08D9	0000	42
		_LCD_Command   		CODE           	092F	0000	54
		_LCD_String_xy 		CODE           	0903	0000	44
		_LCD_Load_Custom_Chars		CODE           	09D4	0000	62
		_LCD_Char      		CODE           	0965	0000	54
		_LCD_Clear     		CODE           	1730	0000	16

LCD.c estimated size: 310

