MPLINK 5.09, LINKER
Linker Map File - Created Thu Sep 05 08:44:49 2024

                                 Section Info
                  Section       Type    Address   Location Size(Bytes)
                ---------  ---------  ---------  ---------  ---------
                   .org_0       code   0x000000    program   0x000058
                   .cinit    romdata   0x00002c    program   0x000004
.config_2007_BUILD/DEFAULT/PRODUCTION/MAINSEC       code   0x002007    program   0x000002
.config_2008_BUILD/DEFAULT/PRODUCTION/MAINSEC       code   0x002008    program   0x000002



                              Program Memory Usage 
                               Start         End      
                           ---------   ---------      
                            0x000000    0x00002d      
                            0x002007    0x002008      
            48 out of 8455 program addresses used, program memory utilization is 0%



                              Symbols - Sorted by Name
                     Name    Address   Location    Storage File                     
                ---------  ---------  ---------  --------- ---------                
                    DELAY   0x00001b    program     static C:\Users\ASUS\MPLABXProjects\secuencia8.X\mainSecuencia8.asm
                   INICIO   0x000001    program     static C:\Users\ASUS\MPLABXProjects\secuencia8.X\mainSecuencia8.asm
                    LOOP1   0x00000f    program     static C:\Users\ASUS\MPLABXProjects\secuencia8.X\mainSecuencia8.asm
                    REP_1   0x000025    program     static C:\Users\ASUS\MPLABXProjects\secuencia8.X\mainSecuencia8.asm
                    REP_2   0x000027    program     static C:\Users\ASUS\MPLABXProjects\secuencia8.X\mainSecuencia8.asm
                  RETARDO   0x000023    program     static C:\Users\ASUS\MPLABXProjects\secuencia8.X\mainSecuencia8.asm
               SECUENCIA8   0x000009    program     static C:\Users\ASUS\MPLABXProjects\secuencia8.X\mainSecuencia8.asm



                              Symbols - Sorted by Address
                     Name    Address   Location    Storage File                     
                ---------  ---------  ---------  --------- ---------                
                   INICIO   0x000001    program     static C:\Users\ASUS\MPLABXProjects\secuencia8.X\mainSecuencia8.asm
               SECUENCIA8   0x000009    program     static C:\Users\ASUS\MPLABXProjects\secuencia8.X\mainSecuencia8.asm
                    LOOP1   0x00000f    program     static C:\Users\ASUS\MPLABXProjects\secuencia8.X\mainSecuencia8.asm
                    DELAY   0x00001b    program     static C:\Users\ASUS\MPLABXProjects\secuencia8.X\mainSecuencia8.asm
                  RETARDO   0x000023    program     static C:\Users\ASUS\MPLABXProjects\secuencia8.X\mainSecuencia8.asm
                    REP_1   0x000025    program     static C:\Users\ASUS\MPLABXProjects\secuencia8.X\mainSecuencia8.asm
                    REP_2   0x000027    program     static C:\Users\ASUS\MPLABXProjects\secuencia8.X\mainSecuencia8.asm


